// Jest Snapshot v1, https://goo.gl/fbAQLP

exports[`Testing Grid render component without problem 1`] = `
ShallowWrapper {
  "length": 1,
  Symbol(enzyme.__root__): [Circular],
  Symbol(enzyme.__unrendered__): <Grid
    config={
        Array [
            Object {
              "text": "Image",
              "textColor": "red",
              "textPath": "image",
              "type": "image",
              "valuePath": "image",
            },
            Object {
              "text": "Fullname",
              "textPath": "fullname",
              "type": "string",
              "valuePath": "fullname",
            },
            Object {
              "text": "Role",
              "textPath": "role",
              "type": "string",
              "valuePath": "role",
            },
            Object {
              "text": "Datetime",
              "textPath": "datetime",
              "type": "date",
              "valuePath": "datetime",
            },
            Object {
              "text": "Json",
              "textPath": "json",
              "type": "json",
              "valuePath": "json",
            },
          ]
    }
    data={
        Array [
            Array [
              Object {
                "textColor": "red",
                "type": "image",
                "value": Object {
                  "index": 305,
                  "text": "https://www.jqueryscript.net/images/Simplest-Responsive-jQuery-Image-Lightbox-Plugin-simple-lightbox.jpg",
                  "value": "https://www.jqueryscript.net/images/Simplest-Responsive-jQuery-Image-Lightbox-Plugin-simple-lightbox.jpg",
                },
              },
              Object {
                "textColor": undefined,
                "type": "string",
                "value": Object {
                  "index": 305,
                  "text": undefined,
                  "value": undefined,
                },
              },
              Object {
                "textColor": undefined,
                "type": "string",
                "value": Object {
                  "index": 305,
                  "text": undefined,
                  "value": undefined,
                },
              },
              Object {
                "textColor": undefined,
                "type": "date",
                "value": Object {
                  "index": 305,
                  "text": "12 Jun 2018",
                  "value": "12 Jun 2018",
                },
              },
              Object {
                "textColor": undefined,
                "type": "json",
                "value": Object {
                  "index": 305,
                  "text": undefined,
                  "value": undefined,
                },
              },
            ],
            Array [
              Object {
                "textColor": "red",
                "type": "image",
                "value": Object {
                  "index": 306,
                  "text": "http://192.168.100.125:8080/",
                  "value": "http://192.168.100.125:8080/",
                },
              },
              Object {
                "textColor": undefined,
                "type": "string",
                "value": Object {
                  "index": 306,
                  "text": undefined,
                  "value": undefined,
                },
              },
              Object {
                "textColor": undefined,
                "type": "string",
                "value": Object {
                  "index": 306,
                  "text": undefined,
                  "value": undefined,
                },
              },
              Object {
                "textColor": undefined,
                "type": "date",
                "value": Object {
                  "index": 306,
                  "text": "12 Jun 2018",
                  "value": "12 Jun 2018",
                },
              },
              Object {
                "textColor": undefined,
                "type": "json",
                "value": Object {
                  "index": 306,
                  "text": undefined,
                  "value": undefined,
                },
              },
            ],
            Array [
              Object {
                "textColor": "red",
                "type": "image",
                "value": Object {
                  "index": 306,
                  "text": "http://192.168.100.71/target-data/fr/target-person-images/1111112222233333@Rizkifika-Asanuli'nam/qTD8vYa.jpeg",
                  "value": "http://192.168.100.71/target-data/fr/target-person-images/1111112222233333@Rizkifika-Asanuli'nam/qTD8vYa.jpeg",
                },
              },
              Object {
                "textColor": undefined,
                "type": "string",
                "value": Object {
                  "index": 306,
                  "text": undefined,
                  "value": undefined,
                },
              },
              Object {
                "textColor": undefined,
                "type": "string",
                "value": Object {
                  "index": 306,
                  "text": undefined,
                  "value": undefined,
                },
              },
              Object {
                "textColor": undefined,
                "type": "date",
                "value": Object {
                  "index": 306,
                  "text": "12 Jun 2018",
                  "value": "12 Jun 2018",
                },
              },
              Object {
                "textColor": undefined,
                "type": "json",
                "value": Object {
                  "index": 306,
                  "text": undefined,
                  "value": undefined,
                },
              },
            ],
            Array [
              Object {
                "textColor": "red",
                "type": "image",
                "value": Object {
                  "index": 306,
                  "text": "http://192.168.100.125:8080/",
                  "value": "http://192.168.100.125:8080/",
                },
              },
              Object {
                "textColor": undefined,
                "type": "string",
                "value": Object {
                  "index": 306,
                  "text": undefined,
                  "value": undefined,
                },
              },
              Object {
                "textColor": undefined,
                "type": "string",
                "value": Object {
                  "index": 306,
                  "text": undefined,
                  "value": undefined,
                },
              },
              Object {
                "textColor": undefined,
                "type": "date",
                "value": Object {
                  "index": 306,
                  "text": "12 Jun 2018",
                  "value": "12 Jun 2018",
                },
              },
              Object {
                "textColor": undefined,
                "type": "json",
                "value": Object {
                  "index": 306,
                  "text": undefined,
                  "value": undefined,
                },
              },
            ],
          ]
    }
    index="id"
    rebuildTooltip={[Function]}
/>,
  Symbol(enzyme.__renderer__): Object {
    "batchedUpdates": [Function],
    "getNode": [Function],
    "render": [Function],
    "simulateEvent": [Function],
    "unmount": [Function],
  },
  Symbol(enzyme.__node__): Object {
    "instance": null,
    "key": undefined,
    "nodeType": "host",
    "props": Object {
      "children": Array [
        <div
          className="box-wrapper"
>
          <div
                    className="image-wrapper"
                    onClick={[Function]}
                    style={
                              Object {
                                        "background": "url(no-image.png)",
                                      }
                    }
          />
          <div
                    className="block"
          >
                    <div
                              className="action-wrapper"
                    />
          </div>
          <div
                    className="desc"
                    data-tip=""
                    style={Object {}}
          />
          <div
                    className="desc"
                    data-tip=""
                    style={Object {}}
          />
          <div
                    className="desc"
                    data-tip=""
                    style={Object {}}
          >
                    12 Jun 2018
          </div>
          <div
                    className="desc"
                    data-tip=""
                    style={Object {}}
          />
</div>,
        <div
          className="box-wrapper"
>
          <div
                    className="image-wrapper"
                    onClick={[Function]}
                    style={
                              Object {
                                        "background": "url(no-image.png)",
                                      }
                    }
          />
          <div
                    className="block"
          >
                    <div
                              className="action-wrapper"
                    />
          </div>
          <div
                    className="desc"
                    data-tip=""
                    style={Object {}}
          />
          <div
                    className="desc"
                    data-tip=""
                    style={Object {}}
          />
          <div
                    className="desc"
                    data-tip=""
                    style={Object {}}
          >
                    12 Jun 2018
          </div>
          <div
                    className="desc"
                    data-tip=""
                    style={Object {}}
          />
</div>,
        <div
          className="box-wrapper"
>
          <div
                    className="image-wrapper"
                    onClick={[Function]}
                    style={
                              Object {
                                        "background": "url(no-image.png)",
                                      }
                    }
          />
          <div
                    className="block"
          >
                    <div
                              className="action-wrapper"
                    />
          </div>
          <div
                    className="desc"
                    data-tip=""
                    style={Object {}}
          />
          <div
                    className="desc"
                    data-tip=""
                    style={Object {}}
          />
          <div
                    className="desc"
                    data-tip=""
                    style={Object {}}
          >
                    12 Jun 2018
          </div>
          <div
                    className="desc"
                    data-tip=""
                    style={Object {}}
          />
</div>,
        <div
          className="box-wrapper"
>
          <div
                    className="image-wrapper"
                    onClick={[Function]}
                    style={
                              Object {
                                        "background": "url(no-image.png)",
                                      }
                    }
          />
          <div
                    className="block"
          >
                    <div
                              className="action-wrapper"
                    />
          </div>
          <div
                    className="desc"
                    data-tip=""
                    style={Object {}}
          />
          <div
                    className="desc"
                    data-tip=""
                    style={Object {}}
          />
          <div
                    className="desc"
                    data-tip=""
                    style={Object {}}
          >
                    12 Jun 2018
          </div>
          <div
                    className="desc"
                    data-tip=""
                    style={Object {}}
          />
</div>,
      ],
      "className": undefined,
    },
    "ref": null,
    "rendered": Array [
      Object {
        "instance": null,
        "key": "0",
        "nodeType": "host",
        "props": Object {
          "children": Array [
            <div
              className="image-wrapper"
              onClick={[Function]}
              style={
                            Object {
                                          "background": "url(no-image.png)",
                                        }
              }
/>,
            <div
              className="block"
>
              <div
                            className="action-wrapper"
              />
</div>,
            Array [
              <div
                className="desc"
                data-tip=""
                style={Object {}}
/>,
              <div
                className="desc"
                data-tip=""
                style={Object {}}
/>,
              <div
                className="desc"
                data-tip=""
                style={Object {}}
>
                12 Jun 2018
</div>,
              <div
                className="desc"
                data-tip=""
                style={Object {}}
/>,
            ],
          ],
          "className": "box-wrapper",
        },
        "ref": null,
        "rendered": Array [
          Object {
            "instance": null,
            "key": undefined,
            "nodeType": "host",
            "props": Object {
              "className": "image-wrapper",
              "onClick": [Function],
              "style": Object {
                "background": "url(no-image.png)",
              },
            },
            "ref": null,
            "rendered": null,
            "type": "div",
          },
          Object {
            "instance": null,
            "key": undefined,
            "nodeType": "host",
            "props": Object {
              "children": <div
                className="action-wrapper"
/>,
              "className": "block",
            },
            "ref": null,
            "rendered": Object {
              "instance": null,
              "key": undefined,
              "nodeType": "host",
              "props": Object {
                "children": null,
                "className": "action-wrapper",
              },
              "ref": null,
              "rendered": null,
              "type": "div",
            },
            "type": "div",
          },
          Object {
            "instance": null,
            "key": "0",
            "nodeType": "host",
            "props": Object {
              "children": undefined,
              "className": "desc",
              "data-tip": "",
              "style": Object {},
            },
            "ref": null,
            "rendered": null,
            "type": "div",
          },
          Object {
            "instance": null,
            "key": "1",
            "nodeType": "host",
            "props": Object {
              "children": undefined,
              "className": "desc",
              "data-tip": "",
              "style": Object {},
            },
            "ref": null,
            "rendered": null,
            "type": "div",
          },
          Object {
            "instance": null,
            "key": "2",
            "nodeType": "host",
            "props": Object {
              "children": "12 Jun 2018",
              "className": "desc",
              "data-tip": "",
              "style": Object {},
            },
            "ref": null,
            "rendered": "12 Jun 2018",
            "type": "div",
          },
          Object {
            "instance": null,
            "key": "3",
            "nodeType": "host",
            "props": Object {
              "children": undefined,
              "className": "desc",
              "data-tip": "",
              "style": Object {},
            },
            "ref": null,
            "rendered": null,
            "type": "div",
          },
        ],
        "type": "div",
      },
      Object {
        "instance": null,
        "key": "1",
        "nodeType": "host",
        "props": Object {
          "children": Array [
            <div
              className="image-wrapper"
              onClick={[Function]}
              style={
                            Object {
                                          "background": "url(no-image.png)",
                                        }
              }
/>,
            <div
              className="block"
>
              <div
                            className="action-wrapper"
              />
</div>,
            Array [
              <div
                className="desc"
                data-tip=""
                style={Object {}}
/>,
              <div
                className="desc"
                data-tip=""
                style={Object {}}
/>,
              <div
                className="desc"
                data-tip=""
                style={Object {}}
>
                12 Jun 2018
</div>,
              <div
                className="desc"
                data-tip=""
                style={Object {}}
/>,
            ],
          ],
          "className": "box-wrapper",
        },
        "ref": null,
        "rendered": Array [
          Object {
            "instance": null,
            "key": undefined,
            "nodeType": "host",
            "props": Object {
              "className": "image-wrapper",
              "onClick": [Function],
              "style": Object {
                "background": "url(no-image.png)",
              },
            },
            "ref": null,
            "rendered": null,
            "type": "div",
          },
          Object {
            "instance": null,
            "key": undefined,
            "nodeType": "host",
            "props": Object {
              "children": <div
                className="action-wrapper"
/>,
              "className": "block",
            },
            "ref": null,
            "rendered": Object {
              "instance": null,
              "key": undefined,
              "nodeType": "host",
              "props": Object {
                "children": null,
                "className": "action-wrapper",
              },
              "ref": null,
              "rendered": null,
              "type": "div",
            },
            "type": "div",
          },
          Object {
            "instance": null,
            "key": "0",
            "nodeType": "host",
            "props": Object {
              "children": undefined,
              "className": "desc",
              "data-tip": "",
              "style": Object {},
            },
            "ref": null,
            "rendered": null,
            "type": "div",
          },
          Object {
            "instance": null,
            "key": "1",
            "nodeType": "host",
            "props": Object {
              "children": undefined,
              "className": "desc",
              "data-tip": "",
              "style": Object {},
            },
            "ref": null,
            "rendered": null,
            "type": "div",
          },
          Object {
            "instance": null,
            "key": "2",
            "nodeType": "host",
            "props": Object {
              "children": "12 Jun 2018",
              "className": "desc",
              "data-tip": "",
              "style": Object {},
            },
            "ref": null,
            "rendered": "12 Jun 2018",
            "type": "div",
          },
          Object {
            "instance": null,
            "key": "3",
            "nodeType": "host",
            "props": Object {
              "children": undefined,
              "className": "desc",
              "data-tip": "",
              "style": Object {},
            },
            "ref": null,
            "rendered": null,
            "type": "div",
          },
        ],
        "type": "div",
      },
      Object {
        "instance": null,
        "key": "2",
        "nodeType": "host",
        "props": Object {
          "children": Array [
            <div
              className="image-wrapper"
              onClick={[Function]}
              style={
                            Object {
                                          "background": "url(no-image.png)",
                                        }
              }
/>,
            <div
              className="block"
>
              <div
                            className="action-wrapper"
              />
</div>,
            Array [
              <div
                className="desc"
                data-tip=""
                style={Object {}}
/>,
              <div
                className="desc"
                data-tip=""
                style={Object {}}
/>,
              <div
                className="desc"
                data-tip=""
                style={Object {}}
>
                12 Jun 2018
</div>,
              <div
                className="desc"
                data-tip=""
                style={Object {}}
/>,
            ],
          ],
          "className": "box-wrapper",
        },
        "ref": null,
        "rendered": Array [
          Object {
            "instance": null,
            "key": undefined,
            "nodeType": "host",
            "props": Object {
              "className": "image-wrapper",
              "onClick": [Function],
              "style": Object {
                "background": "url(no-image.png)",
              },
            },
            "ref": null,
            "rendered": null,
            "type": "div",
          },
          Object {
            "instance": null,
            "key": undefined,
            "nodeType": "host",
            "props": Object {
              "children": <div
                className="action-wrapper"
/>,
              "className": "block",
            },
            "ref": null,
            "rendered": Object {
              "instance": null,
              "key": undefined,
              "nodeType": "host",
              "props": Object {
                "children": null,
                "className": "action-wrapper",
              },
              "ref": null,
              "rendered": null,
              "type": "div",
            },
            "type": "div",
          },
          Object {
            "instance": null,
            "key": "0",
            "nodeType": "host",
            "props": Object {
              "children": undefined,
              "className": "desc",
              "data-tip": "",
              "style": Object {},
            },
            "ref": null,
            "rendered": null,
            "type": "div",
          },
          Object {
            "instance": null,
            "key": "1",
            "nodeType": "host",
            "props": Object {
              "children": undefined,
              "className": "desc",
              "data-tip": "",
              "style": Object {},
            },
            "ref": null,
            "rendered": null,
            "type": "div",
          },
          Object {
            "instance": null,
            "key": "2",
            "nodeType": "host",
            "props": Object {
              "children": "12 Jun 2018",
              "className": "desc",
              "data-tip": "",
              "style": Object {},
            },
            "ref": null,
            "rendered": "12 Jun 2018",
            "type": "div",
          },
          Object {
            "instance": null,
            "key": "3",
            "nodeType": "host",
            "props": Object {
              "children": undefined,
              "className": "desc",
              "data-tip": "",
              "style": Object {},
            },
            "ref": null,
            "rendered": null,
            "type": "div",
          },
        ],
        "type": "div",
      },
      Object {
        "instance": null,
        "key": "3",
        "nodeType": "host",
        "props": Object {
          "children": Array [
            <div
              className="image-wrapper"
              onClick={[Function]}
              style={
                            Object {
                                          "background": "url(no-image.png)",
                                        }
              }
/>,
            <div
              className="block"
>
              <div
                            className="action-wrapper"
              />
</div>,
            Array [
              <div
                className="desc"
                data-tip=""
                style={Object {}}
/>,
              <div
                className="desc"
                data-tip=""
                style={Object {}}
/>,
              <div
                className="desc"
                data-tip=""
                style={Object {}}
>
                12 Jun 2018
</div>,
              <div
                className="desc"
                data-tip=""
                style={Object {}}
/>,
            ],
          ],
          "className": "box-wrapper",
        },
        "ref": null,
        "rendered": Array [
          Object {
            "instance": null,
            "key": undefined,
            "nodeType": "host",
            "props": Object {
              "className": "image-wrapper",
              "onClick": [Function],
              "style": Object {
                "background": "url(no-image.png)",
              },
            },
            "ref": null,
            "rendered": null,
            "type": "div",
          },
          Object {
            "instance": null,
            "key": undefined,
            "nodeType": "host",
            "props": Object {
              "children": <div
                className="action-wrapper"
/>,
              "className": "block",
            },
            "ref": null,
            "rendered": Object {
              "instance": null,
              "key": undefined,
              "nodeType": "host",
              "props": Object {
                "children": null,
                "className": "action-wrapper",
              },
              "ref": null,
              "rendered": null,
              "type": "div",
            },
            "type": "div",
          },
          Object {
            "instance": null,
            "key": "0",
            "nodeType": "host",
            "props": Object {
              "children": undefined,
              "className": "desc",
              "data-tip": "",
              "style": Object {},
            },
            "ref": null,
            "rendered": null,
            "type": "div",
          },
          Object {
            "instance": null,
            "key": "1",
            "nodeType": "host",
            "props": Object {
              "children": undefined,
              "className": "desc",
              "data-tip": "",
              "style": Object {},
            },
            "ref": null,
            "rendered": null,
            "type": "div",
          },
          Object {
            "instance": null,
            "key": "2",
            "nodeType": "host",
            "props": Object {
              "children": "12 Jun 2018",
              "className": "desc",
              "data-tip": "",
              "style": Object {},
            },
            "ref": null,
            "rendered": "12 Jun 2018",
            "type": "div",
          },
          Object {
            "instance": null,
            "key": "3",
            "nodeType": "host",
            "props": Object {
              "children": undefined,
              "className": "desc",
              "data-tip": "",
              "style": Object {},
            },
            "ref": null,
            "rendered": null,
            "type": "div",
          },
        ],
        "type": "div",
      },
    ],
    "type": "div",
  },
  Symbol(enzyme.__nodes__): Array [
    Object {
      "instance": null,
      "key": undefined,
      "nodeType": "host",
      "props": Object {
        "children": Array [
          <div
            className="box-wrapper"
>
            <div
                        className="image-wrapper"
                        onClick={[Function]}
                        style={
                                    Object {
                                                "background": "url(no-image.png)",
                                              }
                        }
            />
            <div
                        className="block"
            >
                        <div
                                    className="action-wrapper"
                        />
            </div>
            <div
                        className="desc"
                        data-tip=""
                        style={Object {}}
            />
            <div
                        className="desc"
                        data-tip=""
                        style={Object {}}
            />
            <div
                        className="desc"
                        data-tip=""
                        style={Object {}}
            >
                        12 Jun 2018
            </div>
            <div
                        className="desc"
                        data-tip=""
                        style={Object {}}
            />
</div>,
          <div
            className="box-wrapper"
>
            <div
                        className="image-wrapper"
                        onClick={[Function]}
                        style={
                                    Object {
                                                "background": "url(no-image.png)",
                                              }
                        }
            />
            <div
                        className="block"
            >
                        <div
                                    className="action-wrapper"
                        />
            </div>
            <div
                        className="desc"
                        data-tip=""
                        style={Object {}}
            />
            <div
                        className="desc"
                        data-tip=""
                        style={Object {}}
            />
            <div
                        className="desc"
                        data-tip=""
                        style={Object {}}
            >
                        12 Jun 2018
            </div>
            <div
                        className="desc"
                        data-tip=""
                        style={Object {}}
            />
</div>,
          <div
            className="box-wrapper"
>
            <div
                        className="image-wrapper"
                        onClick={[Function]}
                        style={
                                    Object {
                                                "background": "url(no-image.png)",
                                              }
                        }
            />
            <div
                        className="block"
            >
                        <div
                                    className="action-wrapper"
                        />
            </div>
            <div
                        className="desc"
                        data-tip=""
                        style={Object {}}
            />
            <div
                        className="desc"
                        data-tip=""
                        style={Object {}}
            />
            <div
                        className="desc"
                        data-tip=""
                        style={Object {}}
            >
                        12 Jun 2018
            </div>
            <div
                        className="desc"
                        data-tip=""
                        style={Object {}}
            />
</div>,
          <div
            className="box-wrapper"
>
            <div
                        className="image-wrapper"
                        onClick={[Function]}
                        style={
                                    Object {
                                                "background": "url(no-image.png)",
                                              }
                        }
            />
            <div
                        className="block"
            >
                        <div
                                    className="action-wrapper"
                        />
            </div>
            <div
                        className="desc"
                        data-tip=""
                        style={Object {}}
            />
            <div
                        className="desc"
                        data-tip=""
                        style={Object {}}
            />
            <div
                        className="desc"
                        data-tip=""
                        style={Object {}}
            >
                        12 Jun 2018
            </div>
            <div
                        className="desc"
                        data-tip=""
                        style={Object {}}
            />
</div>,
        ],
        "className": undefined,
      },
      "ref": null,
      "rendered": Array [
        Object {
          "instance": null,
          "key": "0",
          "nodeType": "host",
          "props": Object {
            "children": Array [
              <div
                className="image-wrapper"
                onClick={[Function]}
                style={
                                Object {
                                                "background": "url(no-image.png)",
                                              }
                }
/>,
              <div
                className="block"
>
                <div
                                className="action-wrapper"
                />
</div>,
              Array [
                <div
                  className="desc"
                  data-tip=""
                  style={Object {}}
/>,
                <div
                  className="desc"
                  data-tip=""
                  style={Object {}}
/>,
                <div
                  className="desc"
                  data-tip=""
                  style={Object {}}
>
                  12 Jun 2018
</div>,
                <div
                  className="desc"
                  data-tip=""
                  style={Object {}}
/>,
              ],
            ],
            "className": "box-wrapper",
          },
          "ref": null,
          "rendered": Array [
            Object {
              "instance": null,
              "key": undefined,
              "nodeType": "host",
              "props": Object {
                "className": "image-wrapper",
                "onClick": [Function],
                "style": Object {
                  "background": "url(no-image.png)",
                },
              },
              "ref": null,
              "rendered": null,
              "type": "div",
            },
            Object {
              "instance": null,
              "key": undefined,
              "nodeType": "host",
              "props": Object {
                "children": <div
                  className="action-wrapper"
/>,
                "className": "block",
              },
              "ref": null,
              "rendered": Object {
                "instance": null,
                "key": undefined,
                "nodeType": "host",
                "props": Object {
                  "children": null,
                  "className": "action-wrapper",
                },
                "ref": null,
                "rendered": null,
                "type": "div",
              },
              "type": "div",
            },
            Object {
              "instance": null,
              "key": "0",
              "nodeType": "host",
              "props": Object {
                "children": undefined,
                "className": "desc",
                "data-tip": "",
                "style": Object {},
              },
              "ref": null,
              "rendered": null,
              "type": "div",
            },
            Object {
              "instance": null,
              "key": "1",
              "nodeType": "host",
              "props": Object {
                "children": undefined,
                "className": "desc",
                "data-tip": "",
                "style": Object {},
              },
              "ref": null,
              "rendered": null,
              "type": "div",
            },
            Object {
              "instance": null,
              "key": "2",
              "nodeType": "host",
              "props": Object {
                "children": "12 Jun 2018",
                "className": "desc",
                "data-tip": "",
                "style": Object {},
              },
              "ref": null,
              "rendered": "12 Jun 2018",
              "type": "div",
            },
            Object {
              "instance": null,
              "key": "3",
              "nodeType": "host",
              "props": Object {
                "children": undefined,
                "className": "desc",
                "data-tip": "",
                "style": Object {},
              },
              "ref": null,
              "rendered": null,
              "type": "div",
            },
          ],
          "type": "div",
        },
        Object {
          "instance": null,
          "key": "1",
          "nodeType": "host",
          "props": Object {
            "children": Array [
              <div
                className="image-wrapper"
                onClick={[Function]}
                style={
                                Object {
                                                "background": "url(no-image.png)",
                                              }
                }
/>,
              <div
                className="block"
>
                <div
                                className="action-wrapper"
                />
</div>,
              Array [
                <div
                  className="desc"
                  data-tip=""
                  style={Object {}}
/>,
                <div
                  className="desc"
                  data-tip=""
                  style={Object {}}
/>,
                <div
                  className="desc"
                  data-tip=""
                  style={Object {}}
>
                  12 Jun 2018
</div>,
                <div
                  className="desc"
                  data-tip=""
                  style={Object {}}
/>,
              ],
            ],
            "className": "box-wrapper",
          },
          "ref": null,
          "rendered": Array [
            Object {
              "instance": null,
              "key": undefined,
              "nodeType": "host",
              "props": Object {
                "className": "image-wrapper",
                "onClick": [Function],
                "style": Object {
                  "background": "url(no-image.png)",
                },
              },
              "ref": null,
              "rendered": null,
              "type": "div",
            },
            Object {
              "instance": null,
              "key": undefined,
              "nodeType": "host",
              "props": Object {
                "children": <div
                  className="action-wrapper"
/>,
                "className": "block",
              },
              "ref": null,
              "rendered": Object {
                "instance": null,
                "key": undefined,
                "nodeType": "host",
                "props": Object {
                  "children": null,
                  "className": "action-wrapper",
                },
                "ref": null,
                "rendered": null,
                "type": "div",
              },
              "type": "div",
            },
            Object {
              "instance": null,
              "key": "0",
              "nodeType": "host",
              "props": Object {
                "children": undefined,
                "className": "desc",
                "data-tip": "",
                "style": Object {},
              },
              "ref": null,
              "rendered": null,
              "type": "div",
            },
            Object {
              "instance": null,
              "key": "1",
              "nodeType": "host",
              "props": Object {
                "children": undefined,
                "className": "desc",
                "data-tip": "",
                "style": Object {},
              },
              "ref": null,
              "rendered": null,
              "type": "div",
            },
            Object {
              "instance": null,
              "key": "2",
              "nodeType": "host",
              "props": Object {
                "children": "12 Jun 2018",
                "className": "desc",
                "data-tip": "",
                "style": Object {},
              },
              "ref": null,
              "rendered": "12 Jun 2018",
              "type": "div",
            },
            Object {
              "instance": null,
              "key": "3",
              "nodeType": "host",
              "props": Object {
                "children": undefined,
                "className": "desc",
                "data-tip": "",
                "style": Object {},
              },
              "ref": null,
              "rendered": null,
              "type": "div",
            },
          ],
          "type": "div",
        },
        Object {
          "instance": null,
          "key": "2",
          "nodeType": "host",
          "props": Object {
            "children": Array [
              <div
                className="image-wrapper"
                onClick={[Function]}
                style={
                                Object {
                                                "background": "url(no-image.png)",
                                              }
                }
/>,
              <div
                className="block"
>
                <div
                                className="action-wrapper"
                />
</div>,
              Array [
                <div
                  className="desc"
                  data-tip=""
                  style={Object {}}
/>,
                <div
                  className="desc"
                  data-tip=""
                  style={Object {}}
/>,
                <div
                  className="desc"
                  data-tip=""
                  style={Object {}}
>
                  12 Jun 2018
</div>,
                <div
                  className="desc"
                  data-tip=""
                  style={Object {}}
/>,
              ],
            ],
            "className": "box-wrapper",
          },
          "ref": null,
          "rendered": Array [
            Object {
              "instance": null,
              "key": undefined,
              "nodeType": "host",
              "props": Object {
                "className": "image-wrapper",
                "onClick": [Function],
                "style": Object {
                  "background": "url(no-image.png)",
                },
              },
              "ref": null,
              "rendered": null,
              "type": "div",
            },
            Object {
              "instance": null,
              "key": undefined,
              "nodeType": "host",
              "props": Object {
                "children": <div
                  className="action-wrapper"
/>,
                "className": "block",
              },
              "ref": null,
              "rendered": Object {
                "instance": null,
                "key": undefined,
                "nodeType": "host",
                "props": Object {
                  "children": null,
                  "className": "action-wrapper",
                },
                "ref": null,
                "rendered": null,
                "type": "div",
              },
              "type": "div",
            },
            Object {
              "instance": null,
              "key": "0",
              "nodeType": "host",
              "props": Object {
                "children": undefined,
                "className": "desc",
                "data-tip": "",
                "style": Object {},
              },
              "ref": null,
              "rendered": null,
              "type": "div",
            },
            Object {
              "instance": null,
              "key": "1",
              "nodeType": "host",
              "props": Object {
                "children": undefined,
                "className": "desc",
                "data-tip": "",
                "style": Object {},
              },
              "ref": null,
              "rendered": null,
              "type": "div",
            },
            Object {
              "instance": null,
              "key": "2",
              "nodeType": "host",
              "props": Object {
                "children": "12 Jun 2018",
                "className": "desc",
                "data-tip": "",
                "style": Object {},
              },
              "ref": null,
              "rendered": "12 Jun 2018",
              "type": "div",
            },
            Object {
              "instance": null,
              "key": "3",
              "nodeType": "host",
              "props": Object {
                "children": undefined,
                "className": "desc",
                "data-tip": "",
                "style": Object {},
              },
              "ref": null,
              "rendered": null,
              "type": "div",
            },
          ],
          "type": "div",
        },
        Object {
          "instance": null,
          "key": "3",
          "nodeType": "host",
          "props": Object {
            "children": Array [
              <div
                className="image-wrapper"
                onClick={[Function]}
                style={
                                Object {
                                                "background": "url(no-image.png)",
                                              }
                }
/>,
              <div
                className="block"
>
                <div
                                className="action-wrapper"
                />
</div>,
              Array [
                <div
                  className="desc"
                  data-tip=""
                  style={Object {}}
/>,
                <div
                  className="desc"
                  data-tip=""
                  style={Object {}}
/>,
                <div
                  className="desc"
                  data-tip=""
                  style={Object {}}
>
                  12 Jun 2018
</div>,
                <div
                  className="desc"
                  data-tip=""
                  style={Object {}}
/>,
              ],
            ],
            "className": "box-wrapper",
          },
          "ref": null,
          "rendered": Array [
            Object {
              "instance": null,
              "key": undefined,
              "nodeType": "host",
              "props": Object {
                "className": "image-wrapper",
                "onClick": [Function],
                "style": Object {
                  "background": "url(no-image.png)",
                },
              },
              "ref": null,
              "rendered": null,
              "type": "div",
            },
            Object {
              "instance": null,
              "key": undefined,
              "nodeType": "host",
              "props": Object {
                "children": <div
                  className="action-wrapper"
/>,
                "className": "block",
              },
              "ref": null,
              "rendered": Object {
                "instance": null,
                "key": undefined,
                "nodeType": "host",
                "props": Object {
                  "children": null,
                  "className": "action-wrapper",
                },
                "ref": null,
                "rendered": null,
                "type": "div",
              },
              "type": "div",
            },
            Object {
              "instance": null,
              "key": "0",
              "nodeType": "host",
              "props": Object {
                "children": undefined,
                "className": "desc",
                "data-tip": "",
                "style": Object {},
              },
              "ref": null,
              "rendered": null,
              "type": "div",
            },
            Object {
              "instance": null,
              "key": "1",
              "nodeType": "host",
              "props": Object {
                "children": undefined,
                "className": "desc",
                "data-tip": "",
                "style": Object {},
              },
              "ref": null,
              "rendered": null,
              "type": "div",
            },
            Object {
              "instance": null,
              "key": "2",
              "nodeType": "host",
              "props": Object {
                "children": "12 Jun 2018",
                "className": "desc",
                "data-tip": "",
                "style": Object {},
              },
              "ref": null,
              "rendered": "12 Jun 2018",
              "type": "div",
            },
            Object {
              "instance": null,
              "key": "3",
              "nodeType": "host",
              "props": Object {
                "children": undefined,
                "className": "desc",
                "data-tip": "",
                "style": Object {},
              },
              "ref": null,
              "rendered": null,
              "type": "div",
            },
          ],
          "type": "div",
        },
      ],
      "type": "div",
    },
  ],
  Symbol(enzyme.__options__): Object {
    "adapter": ReactSixteenAdapter {
      "options": Object {
        "enableComponentDidUpdateOnSetState": true,
      },
    },
  },
}
`;
